// Vitest Snapshot v1

exports[`nuxt-bridge > index html transformed correctly > script-0 1`] = `".nuxt-progress{position:fixed;top:0;left:0;right:0;height:2px;width:0;opacity:1;transition:width .1s,opacity .4s;background-color:#000;z-index:999999}.nuxt-progress.nuxt-progress-notransition{transition:none}.nuxt-progress-failed{background-color:red}"`;

exports[`nuxt-bridge > index html transformed correctly > script-1 1`] = `"h1{--tw-bg-opacity:1;background-color:rgba(7,89,133,var(--tw-bg-opacity))}h1 span{--tw-text-opacity:1;color:rgba(52,211,153,var(--tw-text-opacity))}"`;

exports[`nuxt-bridge > index html transformed correctly > script-2 1`] = `".postcss[data-v-0dceb041]{background-color:rgba(244,114,182,var(--tw-bg-opacity));padding:1rem;color:rgba(255,255,255,var(--tw-text-opacity));width:25%;transition-property:background-color,border-color,color,fill,stroke,opacity,box-shadow,transform,filter,-webkit-backdrop-filter;transition-property:background-color,border-color,color,fill,stroke,opacity,box-shadow,transform,filter,backdrop-filter;transition-property:background-color,border-color,color,fill,stroke,opacity,box-shadow,transform,filter,backdrop-filter,-webkit-backdrop-filter;transition-timing-function:cubic-bezier(.4,0,.2,1);transition-duration:.15s}.postcss[data-v-0dceb041],.postcss[data-v-0dceb041]:hover{--tw-bg-opacity:1;--tw-text-opacity:1}.postcss[data-v-0dceb041]:hover{background-color:rgba(131,24,67,var(--tw-bg-opacity));color:rgba(252,231,243,var(--tw-text-opacity))}h2[data-v-0dceb041]{font-weight:700;font-size:.875rem;line-height:1.25rem}"`;

exports[`nuxt-bridge > index html transformed correctly > script-3 1`] = `".scss[data-v-822dc650]{background-color:rgba(56,189,248,var(--tw-bg-opacity));padding:1rem;color:rgba(255,255,255,var(--tw-text-opacity));width:25%;transition-property:background-color,border-color,color,fill,stroke,opacity,box-shadow,transform,filter,-webkit-backdrop-filter;transition-property:background-color,border-color,color,fill,stroke,opacity,box-shadow,transform,filter,backdrop-filter;transition-property:background-color,border-color,color,fill,stroke,opacity,box-shadow,transform,filter,backdrop-filter,-webkit-backdrop-filter;transition-timing-function:cubic-bezier(.4,0,.2,1);transition-duration:.15s}.scss[data-v-822dc650],.scss[data-v-822dc650]:hover{--tw-bg-opacity:1;--tw-text-opacity:1}.scss[data-v-822dc650]:hover{background-color:rgba(12,74,110,var(--tw-bg-opacity));color:rgba(224,242,254,var(--tw-text-opacity))}.scss h2[data-v-822dc650]{font-weight:700;font-size:.875rem;line-height:1.25rem}"`;

exports[`nuxt-bridge > index html transformed correctly > script-4 1`] = `".sass[data-v-24eeda80]{background-color:rgba(251,146,60,var(--tw-bg-opacity));padding:1rem;color:rgba(255,255,255,var(--tw-text-opacity));width:25%;transition-property:background-color,border-color,color,fill,stroke,opacity,box-shadow,transform,filter,-webkit-backdrop-filter;transition-property:background-color,border-color,color,fill,stroke,opacity,box-shadow,transform,filter,backdrop-filter;transition-property:background-color,border-color,color,fill,stroke,opacity,box-shadow,transform,filter,backdrop-filter,-webkit-backdrop-filter;transition-timing-function:cubic-bezier(.4,0,.2,1);transition-duration:.15s}.sass[data-v-24eeda80],.sass[data-v-24eeda80]:hover{--tw-bg-opacity:1;--tw-text-opacity:1}.sass[data-v-24eeda80]:hover{background-color:rgba(124,45,18,var(--tw-bg-opacity));color:rgba(255,237,213,var(--tw-text-opacity))}.sass h2[data-v-24eeda80]{font-weight:700;font-size:.875rem;line-height:1.25rem}"`;

exports[`nuxt-bridge > index html transformed correctly > script-5 1`] = `".stylus[data-v-12d2604e]{background-color:rgba(248,113,113,var(--tw-bg-opacity));padding:1rem;color:rgba(255,255,255,var(--tw-text-opacity));width:25%;transition-property:background-color,border-color,color,fill,stroke,opacity,box-shadow,transform,filter,-webkit-backdrop-filter;transition-property:background-color,border-color,color,fill,stroke,opacity,box-shadow,transform,filter,backdrop-filter;transition-property:background-color,border-color,color,fill,stroke,opacity,box-shadow,transform,filter,backdrop-filter,-webkit-backdrop-filter;transition-timing-function:cubic-bezier(.4,0,.2,1);transition-duration:.15s}.stylus[data-v-12d2604e],.stylus[data-v-12d2604e]:hover{--tw-bg-opacity:1;--tw-text-opacity:1}.stylus[data-v-12d2604e]:hover{background-color:rgba(127,29,29,var(--tw-bg-opacity));color:rgba(254,226,226,var(--tw-text-opacity))}.stylus h2[data-v-12d2604e]{font-weight:700;font-size:.875rem;line-height:1.25rem}"`;

exports[`nuxt-bridge > index html transformed correctly > script-6 1`] = `".less[data-v-41c6b7f9]{background-color:rgba(192,132,252,var(--tw-bg-opacity));padding:1rem;color:rgba(255,255,255,var(--tw-text-opacity));width:25%;transition-property:background-color,border-color,color,fill,stroke,opacity,box-shadow,transform,filter,-webkit-backdrop-filter;transition-property:background-color,border-color,color,fill,stroke,opacity,box-shadow,transform,filter,backdrop-filter;transition-property:background-color,border-color,color,fill,stroke,opacity,box-shadow,transform,filter,backdrop-filter,-webkit-backdrop-filter;transition-timing-function:cubic-bezier(.4,0,.2,1);transition-duration:.15s}.less[data-v-41c6b7f9],.less[data-v-41c6b7f9]:hover{--tw-bg-opacity:1;--tw-text-opacity:1}.less[data-v-41c6b7f9]:hover{background-color:rgba(88,28,135,var(--tw-bg-opacity));color:rgba(243,232,255,var(--tw-text-opacity))}.less h2[data-v-41c6b7f9]{font-weight:700;font-size:.875rem;line-height:1.25rem}"`;

exports[`nuxt-bridge > index html transformed correctly > script-7 1`] = `".css[data-v-45cbb84c]{background-color:rgba(251,191,36,var(--tw-bg-opacity));padding:1rem;color:rgba(255,255,255,var(--tw-text-opacity));width:25%;transition-property:background-color,border-color,color,fill,stroke,opacity,box-shadow,transform,filter,-webkit-backdrop-filter;transition-property:background-color,border-color,color,fill,stroke,opacity,box-shadow,transform,filter,backdrop-filter;transition-property:background-color,border-color,color,fill,stroke,opacity,box-shadow,transform,filter,backdrop-filter,-webkit-backdrop-filter;transition-timing-function:cubic-bezier(.4,0,.2,1);transition-duration:.15s}.css[data-v-45cbb84c],.css[data-v-45cbb84c]:hover{--tw-bg-opacity:1;--tw-text-opacity:1}.css[data-v-45cbb84c]:hover{background-color:rgba(120,53,15,var(--tw-bg-opacity));color:rgba(254,243,199,var(--tw-text-opacity))}h2[data-v-45cbb84c]{font-weight:700;font-size:.875rem;line-height:1.25rem}"`;
